// Jest Snapshot v1, https://goo.gl/fbAQLP

exports[`Input component should match snapshot 1`] = `
<View
  style={
    Object {
      "paddingHorizontal": 10,
      "width": "100%",
    }
  }
  testID="RNE__Input__view-wrapper"
>
  <View
    style={
      Object {
        "alignItems": "center",
        "borderBottomWidth": 1,
        "borderColor": undefined,
        "flexDirection": "row",
        "transform": Array [
          Object {
            "translateX": 0,
          },
        ],
      }
    }
  >
    <TextInput
      allowFontScaling={true}
      editable={true}
      rejectResponderTermination={true}
      style={
        Object {
          "color": undefined,
          "flex": 1,
          "fontSize": 18,
          "minHeight": 40,
        }
      }
      testID="RNE__Input__text-input"
      underlineColorAndroid="transparent"
    />
  </View>
  <Text
    style={
      Object {
        "color": undefined,
        "fontSize": 12,
        "margin": 5,
      }
    }
  />
</View>
`;
